APP fresh.aborted=false
APP fresh.reasonUndefined=true
APP fresh.signalIsStable=true
APP abort.aborted=true
APP abort.reasonName=AbortError
APP abort.fired=2
APP abort.evtType=abort
APP abort.evtTarget=true
APP abort.firedAfterSecond=2
APP abort.reasonKept=AbortError
APP abort.firedAfterLate=2
APP reason.custom=user navigated away
APP throwIf.fresh=none
APP throwIf.aborted=user navigated away
APP static.abortAborted=true
APP static.abortReason=AbortError
APP static.abortCustom=nope
APP any.freshAborted=false
APP any.aborted=true
APP any.reason=second
APP any.reasonKept=second
APP any.preAborted=true
APP any.preReason=pre
APP timeout.freshAborted=false
APP guard.propWrite=false
APP timeout.aborted=true
APP timeout.reasonName=TimeoutError
APP fetch.control=ok
APP fetch.pre=AbortError
APP fetch.late=AbortError
APP fetch.settled=ok
APP fetch.abortAfterSettle=harmless
APP guard.fetch=AbortError
APP fetch.noSignal=ok
APP done=1
