APP global.hasAI=true
APP global.hasAINavGrid=true
APP global.hasAINavMesh=true
APP global.hasAIAgent=true
APP navgrid.created=true
APP navgrid.width=20
APP navgrid.height=20
APP navgrid.isWalkable_center=true
APP navgrid.isWalkable_blocked=false
APP navgrid.setWalkable=true
APP navgrid.setCellCost_blocked=false
APP navgrid.pathFound=true
APP navgrid.pathPartial=true
APP navgrid.los_blocked=false
APP navgrid.los_clear=true
APP navmesh.valid=true
APP navmesh.closestPoint_valid=true
APP navmesh.closestPoint_x=10
APP navmesh.closestPoint_y=0
APP navmesh.closestPoint_z=10
APP navmesh.randomPoint_valid=true
APP navmesh.raycast_clear=true
APP navmesh.raycast_edge_hit=true
APP navmesh.path_valid=true
APP navmesh.path_partial=true
APP agent.pos_x=2
APP agent.pos_z=2
APP agent.speed=8
APP agent.radius=0.5
APP agent.hasTarget=true
APP agent.moved=true
APP agent.hasTarget_after_stop=false
APP agent.destroyed=true
APP aim.valid=true
APP aim.yaw=0
APP aim.pitch=0
