APP namespace=object
APP createHexNav=function
APP createWorld=function
APP createAgent=function
APP navMeshAvailable=true
APP hexClass=true
APP hexSize=4
APP setStepCosts=true
APP hasStepCosts=true,false
APP routeType=[object Int32Array]
APP route=0,1,5,6,3
APP routeOverBudget=null
APP routeUnknownTable=null
APP washCost=0,1,Infinity,Infinity
APP washParent=-1,0
APP washCostType=[object Float32Array]
APP updateStepCosts=true
APP routeAfterBreach=0,1,2,3
APP compLength=16
APP compJoined=true
APP setClearance=true
APP hasClearance=true
APP routeRadius=0,4,5,6,3
APP routePlainStill=0,1,2,3
APP sizeMismatch=true
APP worldClass=true
APP avoidanceDefault=false
APP avoidanceOn=true
APP plainOverlap=true
APP plainArrived=true
APP orcaNoOverlap=true
APP orcaArrived=true
APP orcaAgentCount=2
APP orcaAgentCountAfterRemove=1
APP pathLength=2
APP pathFirst=3,0
APP waypointStart=0
APP hasTarget=true
APP velocityEast=true
APP movedEast=true
APP clearedTarget=false
APP clearedPath=0
APP setPathRefusal=true
APP done=true
