APP global.hasAudioContext=true
APP global.hasWebkitAudioContext=true
APP global.hasAudioNode=true
APP global.hasAudioParam=true
APP global.hasGainNode=true
APP global.hasOscillatorNode=true
APP global.hasAudioBuffer=true
APP global.hasAudioBufferSourceNode=true
APP global.hasBiquadFilterNode=true
APP global.hasAnalyserNode=true
APP global.hasPannerNode=true
APP global.hasStereoPannerNode=true
APP global.hasDelayNode=true
APP global.hasDynamicsCompressorNode=true
APP global.hasWaveShaperNode=true
APP global.hasConvolverNode=true
APP global.hasChannelSplitterNode=true
APP global.hasChannelMergerNode=true
APP global.hasPeriodicWave=true
APP ctx.state=running
APP ctx.sampleRateValid=true
APP ctx.currentTimeValid=true
APP ctx.hasDestination=true
APP ctx.hasListener=true
APP listener.methods=true
APP gain.defaultVal=1
APP gain.setVal=0.5
APP gain.chain=true
APP gain.afterAutomation=0.8
APP gain.connect=true
APP gain.disconnect=true
APP osc.type=sine
APP osc.newType=sawtooth
APP osc.freqDefault=440
APP osc.freqSet=880
APP osc.detuneDefault=0
APP osc.connect=true
APP osc.lifecycle=true
APP filter.defaultType=lowpass
APP filter.newType=bandpass
APP filter.freqDefault=350
APP filter.freqSet=1000
APP filter.qDefault=1
APP filter.gainDefault=0
APP filter.connect=true
APP analyser.fftSize=2048
APP analyser.binCount=1024
APP analyser.newFftSize=1024
APP analyser.newBinCount=512
APP analyser.floatDataLen=512
APP analyser.byteDataLen=512
APP analyser.timeFloatLen=1024
APP analyser.timeByteLen=1024
APP buf.channels=2
APP buf.length=44100
APP buf.sampleRate=44100
APP buf.duration=1
APP buf.ch0Len=44100
APP buf.ch0Write=0.5
APP src.hasBuffer=true
APP src.loopDefault=false
APP src.loopSet=true
APP src.playbackRate=1
APP src.connect=true
APP src.lifecycle=true
APP panner.panningModel=equalpower
APP panner.distanceModel=inverse
APP panner.posDefault=0
APP panner.posSet=5
APP panner.connect=true
APP stereoPanner.panDefault=0
APP stereoPanner.panSet=0.5
APP stereoPanner.connect=true
APP delay.default=0
APP delay.set=0.25
APP delay.connect=true
APP compressor.thresholdDefault=-24
APP compressor.thresholdSet=-20
APP compressor.kneeDefault=30
APP compressor.ratioDefault=12
APP compressor.connect=true
APP shaper.oversampleDefault=none
APP shaper.oversampleSet=4x
APP shaper.hasCurve=true
APP shaper.connect=true
APP convolver.normalizeDefault=true
APP convolver.normalizeSet=false
APP convolver.hasBuffer=true
APP convolver.connect=true
APP splitter.outputs=6
APP splitter.connect=true
APP merger.inputs=6
APP merger.connect=true
APP wave.created=true
APP osc.setPeriodicWave=true
APP bus.created=true
APP bus.configured=true
APP clip.created=true
APP clip.played=true
APP clip.deleted=true
APP decode.channels=1
APP decode.length=4410
APP decode.sampleRate=44100
APP decode.hasData=4410
APP done=1
