APP roots=object,object,object,object,object
APP time.scale.default=1
APP time.scale.set=0.5
APP time.scale.clamped=100
APP time.scale.nanIgnored=100
APP time.paused.default=false
APP time.paused.set=true
APP time.now.type=number
APP time.alias=true
APP time.keys=now,paused,scale
APP paths.appDir.type=string,true
APP paths.userDataDir.type=string,true
APP paths.resolvePath.underAppDir=true
APP paths.resolvePath.tail=x.txt
APP paths.resolvePath.typeError=true
APP settings.get.absent=undefined
APP settings.onChange.typeError=true
APP settings.get.number=number,0.5
APP settings.get.bool=boolean,true
APP settings.get.string=string,hello
APP settings.get.object={"a":1,"b":"x"}
APP settings.getAll.custom={"flag":true,"name":"hello","obj":{"a":1,"b":"x"},"volume":0.5}
APP settings.getAll.audio.keys=masterVolume,musicVolume,muted,sfxVolume
APP settings.getAll.all.keys=appearance,audio,graphics,input
APP settings.getDefaults.graphics=1920x1080
APP settings.get.engineKey=boolean,number,string
APP settings.getActionKeys=[" ","gamepad:south"]
APP settings.getKeyAction=probe_jump,null
APP settings.getAppActions=[{"action":"probe_jump","keys":[" ","gamepad:south"]}]
APP settings.getActions.hasEngine=true
APP settings.isActionPressed=false
APP settings.getActionStrength=0
APP settings.rebindAction=["w"]
APP settings.resetAction=[" ","gamepad:south"]
APP settings.getDisplayModes=true
APP window.state=normal
APP window.flags=false,false
APP window.getMinSize={"width":0,"height":0}
APP window.getMaxSize={"width":0,"height":0}
APP window.getPosition.type=number,number
APP window.getDisplays.nonEmpty=true
APP window.getDisplays.shape=bounds,contentScale,height,id,isCurrent,isPrimary,name,refreshRate,width,workArea,workHeight,workWidth,workX,workY,x,y
APP window.getDisplays.types=number,string,number,boolean
APP window.getDisplays.primary=true
APP window.moveToDisplay=false
APP window.methods=function,function,function,function,function,function
APP dunder.perf.types=number,number,number,number,number,number,number
APP dunder.perf.windows=[]
APP dunder.perf.scene=number
APP dunder.viewport=1920x1080
APP dunder.bronze.types=number,number,number,number,number,number
APP dunder.menu.getHeight=28
APP dunder.menu.getTree=true
APP dunder.splash.dismiss=function
APP dunder.settingsUI.isVisible=false
APP dunder.settingsUI.getActivePanel="settings/graphics"
APP dunder.settingsUI.getViewport={"width":1920,"height":1080,"contentTop":0}
APP dunder.settingsUI.getSettingsPanels=settings/audio/Audio,settings/graphics/Graphics,settings/input/Input
APP dunder.settingsUI.getAllPanels=settings/audio,settings/graphics,settings/input
APP dunder.inspector.getLayout={"visible":false,"dock":"right","width":320,"height":280,"pickerMode":false,"viewportWidth":1920,"viewportHeight":1080,"menuTop":28}
APP dunder.inspector.getAppTree=HTML:HEAD,BODY
APP dunder.inspector.getAppTree.shape=children,classes,hasChildren,id,idAttr,tag
APP dunder.inspector.getAppChildren=META,TITLE
APP dunder.inspector.getSelected.none=null
APP dunder.inspector.getSelected=BODY
APP dunder.inspector.setDock=bottom
APP settings.onChange.sync=0
APP settings.onChange.frame=probe:volume,probe:flag,probe:name,probe:obj
APP settings.reset=true
APP done=true
