APP ctor.aliased=true
APP ctor.protoIsObject=true
APP ctor.protoChainsToObject=true
APP img.instanceofImage=true
APP img.instanceofHTMLImageElement=true
APP img.protoIsCtorProto=true
APP img.methodReachable=true
APP img.methodNotOwn=true
APP img.srcReachable=true
APP img.srcNotOwn=true
APP img.methodShared=true
APP img.instancesDistinct=true
APP img.ownKeys=complete,crossOrigin,height,naturalHeight,naturalWidth,onerror,onload,width
APP img.completeInitially=true
APP img.widthInitially=true
APP created.instanceofImage=true
APP created.methodShared=true
APP load.fired=true
APP load.receiverWasInstance=true
APP load.complete=true
APP load.naturalWidth=1
APP load.srcRoundTrips=true
APP load.otherUntouched=true
