APP ctor.aliased=true
APP ctor.protoIsObject=true
APP ctor.protoChainsToElement=true
APP ctor.reachesObjectProto=true
APP img.instanceofImage=true
APP img.instanceofHTMLImageElement=true
APP img.protoIsCtorProto=true
APP img.methodReachable=true
APP img.methodNotOwn=true
APP img.srcReachable=true
APP img.srcNotOwn=true
APP img.methodShared=true
APP img.instancesDistinct=true
APP img.ownKeys=nodeName,nodeType,tagName
APP img.completeInitially=true
APP img.widthInitially=true
APP created.instanceofImage=true
APP created.methodShared=true
APP blob.instanceof=true
APP blob.protoIsCtorProto=true
APP blob.methodShared=true
APP blob.methodWorks=true
APP blob.detachedMethodWorks=true
APP file.instanceof=true
APP file.protoIsCtorProto=true
APP file.isABlob=true
APP file.inheritsBlobMethod=true
APP file.name=note.txt
APP reader.instanceof=true
APP reader.protoIsCtorProto=true
APP reader.constOnInstance=true
APP reader.constOnCtor=true
APP xhr.instanceof=true
APP xhr.protoIsCtorProto=true
APP xhr.constOnCtor=true
APP xhr.accessorWorks=true
APP headers.instanceof=true
APP headers.protoIsCtorProto=true
APP headers.methodWorks=true
APP response.instanceof=true
APP response.protoIsCtorProto=true
APP response.state=true
APP response.headersAreHeaders=true
APP controller.instanceof=true
APP controller.protoIsCtorProto=true
APP controller.signalIsSignal=true
APP signal.staticAbort=true
APP signal.notConstructible=true
APP controller.abortWorks=true
APP mo.instanceof=true
APP mo.protoIsCtorProto=true
APP mo.methodShared=true
APP ro.instanceof=true
APP ro.protoIsCtorProto=true
APP ws.ctorConstants=true
APP ws.protoConstants=true
APP div.instanceof=true
APP div.protoIsCtorProto=true
APP div.isElement=true
APP div.ElementIsHTMLElement=true
APP div.methodShared=true
APP div.accessorShared=true
APP div.methodNotOwn=true
APP div.ownKeys=nodeName,nodeType,tagName
APP div.accessorPerInstance=true
APP div.methodPerInstance=true
APP div.styleIsPerInstance=true
APP div.datasetIsPerInstance=true
APP div.classListIsPerInstance=true
APP div.treeWorks=true
APP canvas.isElement=true
APP canvas.inheritsElementMethod=true
APP canvas.ownOverrideWins=true
APP text.isNotElement=true
APP text.treeStillWorks=true
APP ac.instanceof=true
APP ac.protoIsCtorProto=true
APP ac.aliased=true
APP ac.windowSameObject=true
APP gain.instanceof=true
APP gain.protoIsCtorProto=true
APP osc.instanceof=true
APP osc.protoIsCtorProto=true
APP gain.isAudioNode=true
APP osc.isAudioNode=true
APP node.baseShared=true
APP node.baseIsOnBase=true
APP gain.isNotOsc=true
APP node.inputsPerKind=true
APP node.outputsPerKind=true
APP param.instanceof=true
APP param.protoIsCtorProto=true
APP param.perInstance=true
APP param.methodShared=true
APP param.valuePerInstance=true
APP buffer.instanceof=true
APP buffer.protoIsCtorProto=true
APP buffer.isNotAudioNode=true
APP buffer.state=true
APP load.fired=true
APP load.receiverWasInstance=true
APP load.complete=true
APP load.naturalWidth=1
APP load.srcRoundTrips=true
APP load.otherUntouched=true
