APP panel.nodeType=1
APP panel.tagName=DIV
APP panel.id=panel
APP panel.className=ui panel
APP panel.childElementCount=3
APP children.isArray=true
APP children.forOf=alpha,beta,gamma,
APP children.map=alpha|beta|gamma
APP children.filter=2
APP id.childrenStable=true
APP id.querySelector=true
APP id.getElementById=true
APP id.parentNode=true
APP id.parentElement=true
APP id.firstElementChild=true
APP id.lastElementChild=true
APP id.nextSibling=true
APP id.prevSibling=true
APP id.body=true
APP qsa.docIsArray=true
APP qsa.docCount=4
APP qsa.elemCount=3
APP qsa.elemScoped=true
APP edit.afterInsert=alpha,delta,beta,gamma
APP edit.afterReplace=alpha,epsilon,beta,gamma
APP edit.replacedDetached=true
APP edit.afterRemove=alpha,beta,gamma
APP edit.contains.own=true
APP edit.contains.gone=false
APP edit.contains.self=true
APP edit.afterAppend=5
APP edit.afterSelfRemove=4
APP edit.selfRemoveDetached=true
APP detach.parent=true
APP detach.reattachedSame=true
APP detach.keptEdits=beta2/beta2
APP class.initial=ui panel
APP class.afterAdd=true
APP class.addIsIdempotent=ui panel open
APP class.afterToggleOff=false
APP class.afterToggleOn=true
APP class.afterRemove=ui panel
APP class.contains.absent=false
APP style.camel=block
APP style.camelReadDashed=rgb(1, 2, 3)
APP style.dashedReadCamel=4px
APP style.setProperty=7
APP style.identity=true
APP style.afterRemove=true
APP attr.get=a panel
APP attr.has=true
APP attr.afterRemove=false
APP attr.missingIsNull=true
APP html.childCount=2
APP html.firstTag=B
APP html.text=boldital
APP html.selectorFindsParsed=1
APP html.textContentClears=0
APP html.textContentSets=plain
APP geom.offsetWidth=300
APP geom.offsetHeight=120
APP geom.clientWidth=300
APP geom.rect=0,0,300,120
APP geom.rectRightBottom=300,120
APP cs.display=block
APP cs.position=absolute
APP cs.width=300px
APP cs.getPropertyValue=120px
APP cs.color.before=rgb(0, 0, 0)
APP cs.color.after=rgb(10, 20, 30)
APP cs.writesIgnored=rgb(10, 20, 30)
APP form.input.type=text
APP form.input.value=hello
APP form.input.tabIndexDefault=0
APP form.input.tabIndex=3
APP form.input.placeholder=type here
APP form.input.disabledDefault=false
APP form.input.disabled=true
APP form.input.disabledOff=false
APP form.check.default=false
APP form.check.set=true
APP form.check.clear=false
APP form.select.optionsIsArray=true
APP form.select.optionCount=3
APP form.select.optionIdentity=true
APP form.select.default=red/0
APP form.select.byValue=blue/2
APP form.select.byIndex=green/1
APP form.area.initial=initial
APP form.area.edited=edited
APP form.area.textContentUnchanged=initial
APP plat.btoa=YnJv
APP plat.atob=three
APP plat.base64.roundTrip=true
APP plat.base64.padding=YQ==,YWI=,YWJj
APP plat.node.element=1
APP plat.node.text=3
APP plat.hasEvent=true
APP plat.hasHTMLInputElement=true
APP plat.hasConfirm=true
APP plat.screenPositive=true
APP micro.order=sync,micro,
APP done=1
