APP canvas.width=200
APP ready=1
APP click.targetIsCanvas=true
APP click.client=20,30
APP click.button=0
APP click.trusted=true
APP click.count=1
APP mousemove.offset=40,50
APP wheel.deltaYPositive=true
APP wheel.deltaXZero=true
APP keydown.key=A
APP keydown.shift=true
APP fromPage=one
APP fromPage=two
APP cancelme.seen=stop
APP stophere.atCanvas=here
APP window.detail=w
DRV canvasInDocument=true
PAGE send=one
PAGE fromApp=pong:one
PAGE send=two
PAGE fromApp=pong:two
DRV heard=pong:two
DRV cancelled=true
DRV done=1
