APP blob.size=5
APP blob.typeEmpty=true
APP blob.joinedSize=11
APP blob.type=text/plain
APP blob.mixedSize=9
APP blob.sliceSize=5
APP blob.negSliceSize=5
APP blob.sliceTypeEmpty=true
APP blob.sliceTyped=text/x-thing
APP file.name=scene.gltf
APP file.size=10
APP file.type=model/gltf+json
APP file.lastModified=1700000000000
APP file.relPathEmpty=true
APP file.slices=5
APP url.isBlobScheme=true
APP url.distinct=true
APP parse.protocol=https:
APP parse.hostname=example.com
APP parse.port=8080
APP parse.host=example.com:8080
APP parse.pathname=/a/c.json
APP parse.search=?x=1&y=two
APP parse.hash=#frag
APP parse.origin=https://example.com:8080
APP parse.href=https://example.com:8080/a/c.json?x=1&y=two#frag
APP parse.param=two
APP parse.paramMissing=true
APP parse.has=true
APP rel.href=https://example.com/models/scene/textures/wood.png
APP rel.upHref=https://example.com/models/shared/a.bin
APP rel.absHref=https://example.com/root.txt
APP reader.emptyState=0
APP reader.loadingState=1
APP reader.abortedState=2
APP reader.abortedResultNull=true
APP sync.noEarlyDelivery=true
APP read.deliveries=7
APP trip.ok=true
APP trip.status=200
APP trip.contentType=text/plain
APP trip.text=hello world
APP trip.blobSize=11
APP trip.blobType=text/plain
APP trip.afterRevoke=404
APP trip.threw=absent
APP data.status=200
APP data.text=hi!
APP promise.text=hello world
APP promise.abLen=11
APP promise.u8Len=11
APP promise.u8First=104
APP read.text=hello world
APP read.bufLen=9
APP read.doneState=2
APP read.dataURL=data:text/plain;base64,aGkh
APP read.binary=hi
APP read.order=load,loadend
APP read.lastWins=second
APP read.notABlob=NotFoundError
APP read.abortedDelivered=absent
APP done=1
