APP brand.Gamepad=true
APP brand.GamepadButton=true
APP brand.GamepadEvent=true
APP pointerlock.initial=true
APP pointerlock.requestFn=true
APP pointerlock.exitFn=true
APP pointerlock.locked=true
APP pointerlock.unlocked=true
APP fullscreen.enabled=true
APP fullscreen.initial=true
APP fullscreen.requestFn=true
APP fullscreen.exitFn=true
APP fullscreen.reqReturnsPromise=true
APP fullscreen.element=true
APP fullscreen.exitReturnsPromise=true
APP fullscreen.cleared=true
APP gamepad.getGamepadsFn=true
APP gamepad.isArray=true
APP gamepad.connected=true
APP gamepad.id=Virtual Controller
APP gamepad.index=0
APP gamepad.mapping=standard
APP gamepad.buttonsCount=17
APP gamepad.axesCount=4
APP gamepad.btn0Pressed=true
APP gamepad.btn0Touched=true
APP gamepad.btn0Value=1
APP gamepad.axis0=0.75
APP gamepad.actuatorType=dual-rumble
APP gamepad.actuatorEffects=dual-rumble,trigger-rumble
APP gamepad.actuatorPlayFn=true
APP gamepad.actuatorResetFn=true
APP gamepad.playEffectRes=complete
APP gamepad.resetRes=complete
APP probe.done=true
