APP add=5
APP isFunction=function
APP name=anonymous
APP noParams=42
APP joinedParams=42
APP read=6
APP writeSeen=99
APP writeAdded=yes
APP methodCall=40
APP roundTrip=true
APP roundTripTwice=true
APP keys=a,b,c
APP has=true,false
APP apiName=api
APP apiInit=105
APP bound=T!
APP arrayLen=3
APP arrayIndex=2
APP typedIn=7
APP typedOutLen=3
APP typedOutValue=6
APP typedIsShared=1000
APP typedSharedBack=250
APP typedIdentity=true
APP throwOut=caught
APP throwIn=yes
APP syntaxError=threw
APP evalNumber=42
APP evalNonString=42
APP evalIndirect=8
APP evalThrow=caught
APP globalFromEval=9
APP globalFromFunction=18
APP globalStillMissing=undefined
APP globalMissThrows=ReferenceError
APP windowExpandoIsGlobal=4
APP windowReadsGlobal=9
APP windowSelf=true
APP newAcross=7
APP newViaWindow=11
APP gcChurn=1600000000
APP asyncIsPromise=function
APP generatorFirst=1
APP generatorSecond=2
APP busTypeof=function
APP busEmitCount=1
APP busArg=canvas
APP busArity=1
APP busPair=true:7
APP busInvoke=canvas|canvas
APP arrayIsArray=true
APP arrayReadOver=3:3
APP arrayJson=[1,2,3]
APP arrayMap=2,4,6
APP arrayRoundTrip=true
APP arrayNested=true:2
APP arrayElementLive=7
APP done=true
