APP gl.notNull=true
APP gl.cached=true
APP canvas.width=320
APP canvas.height=160
APP gl.drawingBufferWidth=320
APP gl.drawingBufferHeight=160
APP gl.isWebGL2=true
APP gl.TEXTURE_2D=3553
APP gl.maxTextureSizePositive=true
APP window.hasSizes=true
APP window.self=true
APP scene.type=Scene
APP camera.type=PerspectiveCamera
APP material.type=MeshBasicMaterial
APP material.colorHex=65280
APP position.count=24
APP index.count=36
APP scene.children=1
APP camera.aspect=2
APP mainEnd=1
APP timeout=fired
APP clockAgrees=true
APP frame=0
APP translation=0,0,0,1
APP orthonormal=true
APP determinant1=true
APP microtask=0
APP clockAgrees=true
APP frame=1
APP translation=0,0,0,1
APP orthonormal=true
APP determinant1=true
APP microtask=1
APP clockAgrees=true
APP frame=2
APP translation=0,0,0,1
APP orthonormal=true
APP determinant1=true
APP microtask=2
APP clockAgrees=true
APP frame=3
APP translation=0,0,0,1
APP orthonormal=true
APP determinant1=true
APP microtask=3
APP clockAgrees=true
APP frame=4
APP translation=0,0,0,1
APP orthonormal=true
APP determinant1=true
APP done=5
APP microtask=4
