APP roots=object,function,function,true,true,true
APP ctor.counts=4,2,false,false,false,false
APP ctor.instanceof=true,false,true,function
APP ctor.empty=true,0
APP positions.copy.type=true,12
APP positions.copy.isolated=0,true
APP indices.copy.type=true,0,1,2,0,2,3
APP positions.set=2,4
APP normals.absent=0
APP indices.set.rangeError=RangeError:Mesh.indices: index 9 is out of range
APP prim.box=24,12,true
APP prim.sphere=189,352,true
APP prim.cylinder=70,64,true
APP prim.capsule=138,256,true
APP prim.cone=102,144,true
APP prim.plane=25,32,true
APP prim.torus=325,576,true
APP prim.icosahedron=12,20,true
APP prim.dodecahedron=20,36,true
APP prim.octahedron=6,8,true
APP prim.tetrahedron=4,4,true
APP prim.disk=34,32,true
APP prim.geodesicSphere1=42,80,true
APP prim.tube=26,48,true
APP prim.merge=48,24,true
APP prim.icosahedron.radius=-1.788,-1.702,-2|1.788,1.702,2
APP box.area=6
APP box.volume=1
APP box.bounds=-0.5,-0.5,-0.5|0.5,0.5,0.5
APP box.flipFaces.volume=1
APP box.weld=8
APP ico.manifold=true
APP normals.before=true,567
APP normals.after=true,567,true
APP transform.bounds=1.5,2.5,3.5|2.5,3.5,4.5
APP transform.badMatrix=TypeError:Mesh.transform: matrix must have 16 elements, got 3
APP clone.independent=-0.5,-0.5,-0.5|0.5,0.5,0.5 0.5,-0.5,-0.5|1.5,0.5,0.5
APP scale.chain=-1,-1,-1|1,1,1
APP areas.type=true,12,6
APP meshlets.shape=true,true,true,true,true,true
APP meshlets.record0=0,true,0,true
APP uv.distortion=true,8,1
APP bvh.shape=true,false,true,true,-1,-1,-1|1,1,1
APP bvh.hit=true,true,2,0,0,1,true,1
APP bvh.miss=null
APP bvh.test=true,false
APP mesh.raycast=2
APP bvh.fromMesh=true
APP typeError.plainObject=TypeError:expected a __bro_native.mesh.Mesh handle, got an ordinary object
APP typeError.wrongClass=TypeError:expected a __bro_native.mesh.Mesh handle, got a __bro_native.mesh.MeshBVH handle
APP typeError.receiver=TypeError:expected a __bro_native.mesh.Mesh handle, got a __bro_native.mesh.MeshBVH handle
APP typeError.plainArray=TypeError:expected a Float32Array, got a non-typed-array object
APP typeError.wrongKind=TypeError:expected a Float32Array, got a Float64Array
APP typeError.merge=TypeError:expected a __bro_native.mesh.Mesh handle, got a non-object
APP gc.ran=true
APP areas.afterGC=12,6,0.5
APP meshlets.afterGC=977,true,0
APP done=true
