APP bro.exists=true
APP bro.net.exists=true
APP bro.net.has_init=true
APP bro.net.has_host=true
APP bro.net.has_connect=true
APP bro.net.has_disconnect=true
APP bro.net.has_send=true
APP bro.net.has_broadcast=true
APP bro.net.has_close=true
APP bro.net.has_closeHost=true
APP bro.net.has_isHosting=true
APP bro.net.has_connections=true
APP bro.net.has_stats=true
APP bro.net.has_addEventListener=true
APP bro.net.has_removeEventListener=true
APP bro.net.init_result=true
APP bro.net.isHosting_initial=false
APP bro.net.connections_isArray=true
APP bro.net.connections_len=0
APP bro.net.stats_invalid=true
APP bro.net.host_result=true
APP bro.net.onConnect_set=true
APP bro.net.onDisconnect_set=true
APP bro.net.onMessage_set=true
APP ws.global_exists=true
APP ws.const_connecting=true
APP ws.const_open=true
APP ws.const_closing=true
APP ws.const_closed=true
APP closeEvent.exists=true
APP messageEvent.exists=true
APP ws.instance_exists=true
APP ws.instance_connecting=true
APP ws.instance_open=true
APP ws.instance_closing=true
APP ws.instance_closed=true
APP ws.readyState_initial=true
APP ws.url=ws://127.0.0.1:27088
APP ws.protocol=test-proto
APP ws.binaryType_default=blob
APP ws.bufferedAmount=0
APP ws.binaryType_updated=arraybuffer
APP ws.has_send=true
APP ws.has_close=true
APP ws.has_addEventListener=true
APP ws.has_removeEventListener=true
APP ws.readyState_after_close=true
APP fetch.exists=true
APP xhr.exists=true
APP bro.net.isHosting_after_close=false
APP net_probe.done=1
APP fetch.data_ok=true
APP fetch.data_status=200
APP fetch.data_body=Hello Bronze Networking!
