APP text.nodeType=3
APP text.nodeName=#text
APP text.data=hello
APP text.nodeValue=true
APP text.textContent=true
APP text.length=5
APP text.parentNull=true
APP text.writeData=goodbye
APP text.writeNodeValue=hello
APP tree.parentIsPara=true
APP tree.firstChildIsText=true
APP tree.lastChildIsText=true
APP tree.childNodesLen=1
APP tree.childrenLen=0
APP tree.firstElementChildNull=true
APP tree.paraTextContent=hello
APP tree.identityChildNodes=true
APP tree.identityStable=true
APP tree.contains=true
APP tree.containsSelf=true
APP sib.nextIsEm=true
APP sib.emNextIsTail=true
APP sib.emNextElementNull=true
APP sib.tailPrevIsEm=true
APP sib.tailNextNull=true
APP sib.childNodesLen=3
APP sib.childrenLen=1
APP sib.kinds=3,1,3,
APP sib.isArray=true
APP cd.append=abcdefgh
APP cd.insert=ab--cdefgh
APP cd.delete=abcdefgh
APP cd.replace=XYZdefgh
APP cd.substring=YZd
APP cd.substringPastEnd=efgh
APP cd.substringNegative=XY
APP u16.length=5
APP u16.firstTwo=aé
APP u16.pair=🎉
APP u16.afterDelete=aéb
APP split.head=head
APP split.tail=tail
APP split.tailParent=true
APP split.adjacency=true
APP split.removed=3
APP comment.nodeType=8
APP comment.nodeName=#comment
APP comment.data=a note
APP comment.isChildNode=4
APP comment.notChildElement=1
APP comment.notInTextContent=hello!
APP frag.nodeType=11
APP frag.childNodesLen=3
APP frag.childrenLen=3
APP frag.hostGained=3
APP frag.fragEmptied=0
APP frag.rowsAreElements=row
APP frag.rowText=row2
APP append.strLen=1
APP append.strType=3
APP append.strText=bare
APP append.mixedLen=3
APP append.mixedElems=1
APP clone.shallowIsNew=true
APP clone.shallowTag=DIV
APP clone.shallowClass=orig
APP clone.shallowAttr=v
APP clone.shallowEmpty=0
APP clone.shallowNoId=true
APP clone.deepChildren=1
APP clone.deepText=deep
APP clone.deepChildIsNew=true
APP clone.textData=hello
APP clone.textIsNew=true
APP ins.order=true
APP ins.replaced=true
APP ins.detached=true
APP ins.len=2
APP ins.appendViaNull=true
APP mixed.childNodesLen=4
APP mixed.childrenLen=1
APP mixed.firstChildType=3
APP mixed.firstChildData=[Hello ]
APP mixed.firstElementTag=B
APP mixed.lastChildType=8
APP mixed.lastChildData=[note]
APP mixed.textContent=[Hello bold world]
APP mixed.boldNextData=[ world]
APP mixed.boldPrevData=[Hello ]
APP mixed.textParent=true
APP mixed.contains=true
APP mixed.edited=[Goodbye bold world]
APP done=1
