APP doc.root=HTML
APP doc.body=BODY
APP doc.bodyKids=2
APP card.found=card
APP card.class=a b
APP card.attr=widget
APP card.text=hello
APP tail.text=bye
APP card.identity=true
APP scope.liveIdInParsed=null
APP scope.parsedIdInLive=null
APP scope.twoParses=true
APP made.inParsed=made
APP made.inLive=null
APP adopt.parent=host
APP adopt.hostKids=1
APP adopt.inLive=card
APP adopt.inParsed=null
APP adopt.parsedKids=2
APP adopt.deep=true
APP adopt.identity=true
APP refuse.object=TypeError
APP obs.live=attributes/data-live
APP obs.parsed=attributes/data-parsed
APP obs.parsedAttr=1
APP done=1
