APP global.hasPhysics=true
APP global.hasPhysicsCharacter=true
APP global.hasPhysicsSoftBody=true
APP body.groundTagValid=true
APP body.boxTagValid=true
APP body.sphereTagValid=true
APP box.pos_y=10
APP box.userData=42
APP box.getUserData=42
APP box.new_pos_y=15
APP box.rot_w=1
APP box.vel_x=1
APP box.vel_y=2
APP box.vel_z=3
APP box.mass=10
APP box.props.mass=10
APP gravity.y=-10
APP gravity.new_y=-20
APP layers.configured=true
APP kinematic.pos_y=5
APP compound.created=true
APP hull.created=true
APP raycast.hitValid=true
APP raycast.hitBody=true
APP raycast.fractionValid=true
APP raycast.allHitsCount=true
APP overlap.sphereHitsBox=true
APP overlap.boxHitsBox=true
APP overlap.ptHitsBox=true
APP char.created=true
APP char.vel_z=0
APP char.pos_x=5
APP char.hasState=true
APP char.destroyed=true
APP cloth.created=true
APP cloth.vertexCount=16
APP cloth.topoValid=true
APP cloth.vertsValid=true
APP cloth.pinned=true
APP cloth.destroyed=true
APP contact.registered=true
APP allTransforms.valid=true
APP cleanup.done=true
