APP style.curated=true
APP style.uncurated.camel=true
APP style.uncurated.kebab=true
APP style.uncurated.kebabSet=true
APP style.custom=true
APP style.unset=true
APP style.methodsIntact=true
APP style.cssTextIntact=true
APP style.keys=--brandColor,color,grid-auto-flow,scrollbar-color
APP style.in.set=true
APP style.in.unset=false
APP style.delete=true
APP style.symbol=true
APP computed.curated=true
APP computed.uncurated=true
APP computed.getPropertyValue=true
APP computed.readonly=true
APP dataset.fromAttr=true
APP dataset.newKey=true
APP dataset.writesThrough=true
APP dataset.live=true
APP dataset.absent=true
APP dataset.in=true
APP dataset.keys=late,role,userId
APP dataset.delete=true
APP dataset.identity=true
APP storage.methodThenProp=true
APP storage.propThenMethod=true
APP storage.absent=true
APP storage.keys=viaMethod,viaProp
APP storage.methodsIntact=true
APP storage.length=true
APP storage.delete=true
