APP typeof.VideoEncoder=function
APP typeof.GifEncoder=function
APP refuse.noConfig=TypeError
APP refuse.noPath=TypeError
APP refuse.oddWidth=Error
APP enc.width=64
APP enc.height=48
APP enc.frames0=0
APP refuse.notArray=TypeError
APP refuse.shortBuffer=RangeError
APP refuse.noAudioTrack=Error
APP audio.push=true
APP refuse.notFloat=TypeError
APP refuse.noVideoTrack=Error
APP audio.finish=true
APP refuse.notElement=TypeError
APP refuse.notCanvas=TypeError
APP gl.gotContext=true
APP refuse.webglCanvas=TypeError
APP paint.tag=CANVAS
APP canvas.encode=true
APP canvas.finish=true
APP canvas.frames=1
APP refuse.canvasSize=RangeError
APP vp.size=1920x1080
APP gif.frames=3
APP gif.delay=none
APP gif.finish=true
APP refuse.viewportSize=RangeError
APP enc.finish=true
APP enc.frames1=3
APP enc.err=none
APP enc.finishAgain=true
APP done=1
