APP canvas.width=320
APP canvas.height=240
APP renderer.isWebGL2=true
APP camera.init.x=true
APP camera.init.y=true
APP camera.init.z=true
APP camera.init.det=true
APP ready=1
APP texture.loaded=true
APP fetch.ok=true
APP fetch.status=200
APP fetch.name=wild_orbit_probe
APP fetch.lightIntensity=true
APP render.calls=true
APP render.triangles=true
APP pixel.frontLit=true
APP camera.orbit.moved=true
APP camera.orbit.det=true
APP camera.zoom.dolly=true
APP camera.zoom.distChanged=true
APP pixel.cornerClear=true
APP pixel.rendered=true
APP done=1
DRV screenshot_before=1
DRV screenshot_after=1
DRV done=1
